c:\users\vltally\desktop\oop_project\oop_project\x64\debug\vc143.pdb
c:\users\vltally\desktop\oop_project\oop_project\x64\debug\.netframework,version=v4.7.2.assemblyattributes.obj
c:\users\vltally\desktop\oop_project\oop_project\x64\debug\professor.obj
c:\users\vltally\desktop\oop_project\oop_project\x64\debug\mark.obj
c:\users\vltally\desktop\oop_project\oop_project\x64\debug\exam.obj
c:\users\vltally\desktop\oop_project\oop_project\x64\debug\main.obj
c:\users\vltally\desktop\oop_project\oop_project\x64\debug\applicant.obj
c:\users\vltally\desktop\oop_project\oop_project\x64\debug\faculty.obj
c:\users\vltally\desktop\oop_project\oop_project\x64\debug\onlineexam.obj
c:\users\vltally\desktop\oop_project\oop_project\x64\debug\offlineexam.obj
c:\users\vltally\desktop\oop_project\oop_project\x64\debug\graduatedapplicant.obj
c:\users\vltally\desktop\oop_project\oop_project\x64\debug\combinedexam.obj
c:\users\vltally\desktop\oop_project\x64\debug\oop_project.exe
c:\users\vltally\desktop\oop_project\x64\debug\oop_project.pdb
c:\users\vltally\desktop\oop_project\oop_project\x64\debug\oop_project.tlog\cl.command.1.tlog
c:\users\vltally\desktop\oop_project\oop_project\x64\debug\oop_project.tlog\cl.items.tlog
c:\users\vltally\desktop\oop_project\oop_project\x64\debug\oop_project.tlog\cl.read.1.tlog
c:\users\vltally\desktop\oop_project\oop_project\x64\debug\oop_project.tlog\cl.write.1.tlog
c:\users\vltally\desktop\oop_project\oop_project\x64\debug\oop_project.tlog\link.command.1.tlog
c:\users\vltally\desktop\oop_project\oop_project\x64\debug\oop_project.tlog\link.read.1.tlog
c:\users\vltally\desktop\oop_project\oop_project\x64\debug\oop_project.tlog\link.secondary.1.tlog
c:\users\vltally\desktop\oop_project\oop_project\x64\debug\oop_project.tlog\link.write.1.tlog
c:\users\vltally\desktop\oop_project\oop_project\x64\debug\oop_project.tlog\metagen.read.1.tlog
c:\users\vltally\desktop\oop_project\oop_project\x64\debug\oop_project.tlog\metagen.write.1.tlog
